[2026-06-01 07:13:02] [marian] Marian v1.12.0 65bf82ff 2023-02-21 09:56:29 -0800
[2026-06-01 07:13:02] [marian] Running on ROG-Strix-Hero-II as process 159163 with command line:
[2026-06-01 07:13:02] [marian] marian -c ../models/change1.transformer.myph/config.yml
[2026-06-01 07:13:02] [config] after: 0e
[2026-06-01 07:13:02] [config] after-batches: 0
[2026-06-01 07:13:02] [config] after-epochs: 0
[2026-06-01 07:13:02] [config] all-caps-every: 0
[2026-06-01 07:13:02] [config] allow-unk: false
[2026-06-01 07:13:02] [config] authors: false
[2026-06-01 07:13:02] [config] beam-size: 6
[2026-06-01 07:13:02] [config] bert-class-symbol: "[CLS]"
[2026-06-01 07:13:02] [config] bert-mask-symbol: "[MASK]"
[2026-06-01 07:13:02] [config] bert-masking-fraction: 0.15
[2026-06-01 07:13:02] [config] bert-sep-symbol: "[SEP]"
[2026-06-01 07:13:02] [config] bert-train-type-embeddings: true
[2026-06-01 07:13:02] [config] bert-type-vocab-size: 2
[2026-06-01 07:13:02] [config] build-info: ""
[2026-06-01 07:13:02] [config] check-gradient-nan: false
[2026-06-01 07:13:02] [config] check-nan: false
[2026-06-01 07:13:02] [config] cite: false
[2026-06-01 07:13:02] [config] clip-norm: 5
[2026-06-01 07:13:02] [config] cost-scaling:
[2026-06-01 07:13:02] [config]   []
[2026-06-01 07:13:02] [config] cost-type: ce-sum
[2026-06-01 07:13:02] [config] cpu-threads: 0
[2026-06-01 07:13:02] [config] data-threads: 8
[2026-06-01 07:13:02] [config] data-weighting: ""
[2026-06-01 07:13:02] [config] data-weighting-type: sentence
[2026-06-01 07:13:02] [config] dec-cell: gru
[2026-06-01 07:13:02] [config] dec-cell-base-depth: 2
[2026-06-01 07:13:02] [config] dec-cell-high-depth: 1
[2026-06-01 07:13:02] [config] dec-depth: 2
[2026-06-01 07:13:02] [config] devices:
[2026-06-01 07:13:02] [config]   - 0
[2026-06-01 07:13:02] [config] dim-emb: 512
[2026-06-01 07:13:02] [config] dim-rnn: 1024
[2026-06-01 07:13:02] [config] dim-vocabs:
[2026-06-01 07:13:02] [config]   - 0
[2026-06-01 07:13:02] [config]   - 0
[2026-06-01 07:13:02] [config] disp-first: 0
[2026-06-01 07:13:02] [config] disp-freq: 500
[2026-06-01 07:13:02] [config] disp-label-counts: true
[2026-06-01 07:13:02] [config] dropout-rnn: 0
[2026-06-01 07:13:02] [config] dropout-src: 0
[2026-06-01 07:13:02] [config] dropout-trg: 0
[2026-06-01 07:13:02] [config] dump-config: ""
[2026-06-01 07:13:02] [config] dynamic-gradient-scaling:
[2026-06-01 07:13:02] [config]   []
[2026-06-01 07:13:02] [config] early-stopping: 5
[2026-06-01 07:13:02] [config] early-stopping-on: first
[2026-06-01 07:13:02] [config] embedding-fix-src: false
[2026-06-01 07:13:02] [config] embedding-fix-trg: false
[2026-06-01 07:13:02] [config] embedding-normalization: false
[2026-06-01 07:13:02] [config] embedding-vectors:
[2026-06-01 07:13:02] [config]   []
[2026-06-01 07:13:02] [config] enc-cell: gru
[2026-06-01 07:13:02] [config] enc-cell-depth: 1
[2026-06-01 07:13:02] [config] enc-depth: 2
[2026-06-01 07:13:02] [config] enc-type: bidirectional
[2026-06-01 07:13:02] [config] english-title-case-every: 0
[2026-06-01 07:13:02] [config] exponential-smoothing: 0.0001
[2026-06-01 07:13:02] [config] factor-weight: 1
[2026-06-01 07:13:02] [config] factors-combine: sum
[2026-06-01 07:13:02] [config] factors-dim-emb: 0
[2026-06-01 07:13:02] [config] gradient-checkpointing: false
[2026-06-01 07:13:02] [config] gradient-norm-average-window: 100
[2026-06-01 07:13:02] [config] guided-alignment: none
[2026-06-01 07:13:02] [config] guided-alignment-cost: ce
[2026-06-01 07:13:02] [config] guided-alignment-weight: 0.1
[2026-06-01 07:13:02] [config] ignore-model-config: false
[2026-06-01 07:13:02] [config] input-types:
[2026-06-01 07:13:02] [config]   []
[2026-06-01 07:13:02] [config] interpolate-env-vars: false
[2026-06-01 07:13:02] [config] keep-best: false
[2026-06-01 07:13:02] [config] label-smoothing: 0.1
[2026-06-01 07:13:02] [config] layer-normalization: false
[2026-06-01 07:13:02] [config] learn-rate: 0.0003
[2026-06-01 07:13:02] [config] lemma-dependency: ""
[2026-06-01 07:13:02] [config] lemma-dim-emb: 0
[2026-06-01 07:13:02] [config] log: ../models/change1.transformer.myph/train.log
[2026-06-01 07:13:02] [config] log-level: info
[2026-06-01 07:13:02] [config] log-time-zone: ""
[2026-06-01 07:13:02] [config] logical-epoch:
[2026-06-01 07:13:02] [config]   - 1e
[2026-06-01 07:13:02] [config]   - 0
[2026-06-01 07:13:02] [config] lr-decay: 0
[2026-06-01 07:13:02] [config] lr-decay-freq: 50000
[2026-06-01 07:13:02] [config] lr-decay-inv-sqrt:
[2026-06-01 07:13:02] [config]   - 16000
[2026-06-01 07:13:02] [config] lr-decay-repeat-warmup: false
[2026-06-01 07:13:02] [config] lr-decay-reset-optimizer: false
[2026-06-01 07:13:02] [config] lr-decay-start:
[2026-06-01 07:13:02] [config]   - 10
[2026-06-01 07:13:02] [config]   - 1
[2026-06-01 07:13:02] [config] lr-decay-strategy: epoch+stalled
[2026-06-01 07:13:02] [config] lr-report: true
[2026-06-01 07:13:02] [config] lr-warmup: 0
[2026-06-01 07:13:02] [config] lr-warmup-at-reload: false
[2026-06-01 07:13:02] [config] lr-warmup-cycle: false
[2026-06-01 07:13:02] [config] lr-warmup-start-rate: 0
[2026-06-01 07:13:02] [config] max-length: 200
[2026-06-01 07:13:02] [config] max-length-crop: false
[2026-06-01 07:13:02] [config] max-length-factor: 3
[2026-06-01 07:13:02] [config] maxi-batch: 100
[2026-06-01 07:13:02] [config] maxi-batch-sort: trg
[2026-06-01 07:13:02] [config] mini-batch: 64
[2026-06-01 07:13:02] [config] mini-batch-fit: true
[2026-06-01 07:13:02] [config] mini-batch-fit-step: 10
[2026-06-01 07:13:02] [config] mini-batch-round-up: true
[2026-06-01 07:13:02] [config] mini-batch-track-lr: false
[2026-06-01 07:13:02] [config] mini-batch-warmup: 0
[2026-06-01 07:13:02] [config] mini-batch-words: 0
[2026-06-01 07:13:02] [config] mini-batch-words-ref: 0
[2026-06-01 07:13:02] [config] model: ../models/change1.transformer.myph/model.npz
[2026-06-01 07:13:02] [config] multi-loss-type: sum
[2026-06-01 07:13:02] [config] n-best: false
[2026-06-01 07:13:02] [config] no-nccl: false
[2026-06-01 07:13:02] [config] no-reload: false
[2026-06-01 07:13:02] [config] no-restore-corpus: false
[2026-06-01 07:13:02] [config] normalize: 0.6
[2026-06-01 07:13:02] [config] normalize-gradient: false
[2026-06-01 07:13:02] [config] num-devices: 0
[2026-06-01 07:13:02] [config] optimizer: adam
[2026-06-01 07:13:02] [config] optimizer-delay: 1
[2026-06-01 07:13:02] [config] optimizer-params:
[2026-06-01 07:13:02] [config]   []
[2026-06-01 07:13:02] [config] output-omit-bias: false
[2026-06-01 07:13:02] [config] overwrite: false
[2026-06-01 07:13:02] [config] precision:
[2026-06-01 07:13:02] [config]   - float32
[2026-06-01 07:13:02] [config]   - float32
[2026-06-01 07:13:02] [config] pretrained-model: ""
[2026-06-01 07:13:02] [config] quantize-biases: false
[2026-06-01 07:13:02] [config] quantize-bits: 0
[2026-06-01 07:13:02] [config] quantize-log-based: false
[2026-06-01 07:13:02] [config] quantize-optimization-steps: 0
[2026-06-01 07:13:02] [config] quiet: false
[2026-06-01 07:13:02] [config] quiet-translation: true
[2026-06-01 07:13:02] [config] relative-paths: false
[2026-06-01 07:13:02] [config] right-left: false
[2026-06-01 07:13:02] [config] save-freq: 1000
[2026-06-01 07:13:02] [config] seed: 1111
[2026-06-01 07:13:02] [config] sentencepiece-alphas:
[2026-06-01 07:13:02] [config]   []
[2026-06-01 07:13:02] [config] sentencepiece-max-lines: 2000000
[2026-06-01 07:13:02] [config] sentencepiece-options: ""
[2026-06-01 07:13:02] [config] sharding: global
[2026-06-01 07:13:02] [config] shuffle: data
[2026-06-01 07:13:02] [config] shuffle-in-ram: false
[2026-06-01 07:13:02] [config] sigterm: save-and-exit
[2026-06-01 07:13:02] [config] skip: false
[2026-06-01 07:13:02] [config] sqlite: ""
[2026-06-01 07:13:02] [config] sqlite-drop: false
[2026-06-01 07:13:02] [config] sync-freq: 200u
[2026-06-01 07:13:02] [config] sync-sgd: true
[2026-06-01 07:13:02] [config] tempdir: /tmp
[2026-06-01 07:13:02] [config] tied-embeddings: true
[2026-06-01 07:13:02] [config] tied-embeddings-all: false
[2026-06-01 07:13:02] [config] tied-embeddings-src: false
[2026-06-01 07:13:02] [config] train-embedder-rank:
[2026-06-01 07:13:02] [config]   []
[2026-06-01 07:13:02] [config] train-sets:
[2026-06-01 07:13:02] [config]   - ../data/cleaned/train.my
[2026-06-01 07:13:02] [config]   - ../data/cleaned/train.ph
[2026-06-01 07:13:02] [config] transformer-aan-activation: swish
[2026-06-01 07:13:02] [config] transformer-aan-depth: 2
[2026-06-01 07:13:02] [config] transformer-aan-nogate: false
[2026-06-01 07:13:02] [config] transformer-decoder-autoreg: self-attention
[2026-06-01 07:13:02] [config] transformer-decoder-dim-ffn: 0
[2026-06-01 07:13:02] [config] transformer-decoder-ffn-depth: 0
[2026-06-01 07:13:02] [config] transformer-depth-scaling: false
[2026-06-01 07:13:02] [config] transformer-dim-aan: 2048
[2026-06-01 07:13:02] [config] transformer-dim-ffn: 2048
[2026-06-01 07:13:02] [config] transformer-dropout: 0.3
[2026-06-01 07:13:02] [config] transformer-dropout-attention: 0
[2026-06-01 07:13:02] [config] transformer-dropout-ffn: 0
[2026-06-01 07:13:02] [config] transformer-ffn-activation: swish
[2026-06-01 07:13:02] [config] transformer-ffn-depth: 2
[2026-06-01 07:13:02] [config] transformer-guided-alignment-layer: last
[2026-06-01 07:13:02] [config] transformer-heads: 8
[2026-06-01 07:13:02] [config] transformer-no-projection: false
[2026-06-01 07:13:02] [config] transformer-pool: false
[2026-06-01 07:13:02] [config] transformer-postprocess: dan
[2026-06-01 07:13:02] [config] transformer-postprocess-emb: d
[2026-06-01 07:13:02] [config] transformer-postprocess-top: ""
[2026-06-01 07:13:02] [config] transformer-preprocess: ""
[2026-06-01 07:13:02] [config] transformer-rnn-projection: false
[2026-06-01 07:13:02] [config] transformer-tied-layers:
[2026-06-01 07:13:02] [config]   []
[2026-06-01 07:13:02] [config] transformer-train-position-embeddings: false
[2026-06-01 07:13:02] [config] tsv: false
[2026-06-01 07:13:02] [config] tsv-fields: 0
[2026-06-01 07:13:02] [config] type: transformer
[2026-06-01 07:13:02] [config] ulr: false
[2026-06-01 07:13:02] [config] ulr-dim-emb: 0
[2026-06-01 07:13:02] [config] ulr-dropout: 0
[2026-06-01 07:13:02] [config] ulr-keys-vectors: ""
[2026-06-01 07:13:02] [config] ulr-query-vectors: ""
[2026-06-01 07:13:02] [config] ulr-softmax-temperature: 1
[2026-06-01 07:13:02] [config] ulr-trainable-transformation: false
[2026-06-01 07:13:02] [config] unlikelihood-loss: false
[2026-06-01 07:13:02] [config] valid-freq: 1000
[2026-06-01 07:13:02] [config] valid-log: ../models/change1.transformer.myph/valid.log
[2026-06-01 07:13:02] [config] valid-max-length: 1000
[2026-06-01 07:13:02] [config] valid-metrics:
[2026-06-01 07:13:02] [config]   - cross-entropy
[2026-06-01 07:13:02] [config]   - perplexity
[2026-06-01 07:13:02] [config]   - bleu
[2026-06-01 07:13:02] [config] valid-mini-batch: 64
[2026-06-01 07:13:02] [config] valid-reset-all: false
[2026-06-01 07:13:02] [config] valid-reset-stalled: false
[2026-06-01 07:13:02] [config] valid-script-args:
[2026-06-01 07:13:02] [config]   []
[2026-06-01 07:13:02] [config] valid-script-path: ""
[2026-06-01 07:13:02] [config] valid-sets:
[2026-06-01 07:13:02] [config]   - ../data/cleaned/dev.my
[2026-06-01 07:13:02] [config]   - ../data/cleaned/dev.ph
[2026-06-01 07:13:02] [config] valid-translation-output: ../models/change1.transformer.myph/valid.output
[2026-06-01 07:13:02] [config] vocabs:
[2026-06-01 07:13:02] [config]   - ../data/vocab/vocab.my.yml
[2026-06-01 07:13:02] [config]   - ../data/vocab/vocab.ph.yml
[2026-06-01 07:13:02] [config] word-penalty: 0
[2026-06-01 07:13:02] [config] word-scores: false
[2026-06-01 07:13:02] [config] workspace: 1000
[2026-06-01 07:13:02] [config] Model is being created with Marian v1.12.0 65bf82ff 2023-02-21 09:56:29 -0800
[2026-06-01 07:13:02] Using synchronous SGD
[2026-06-01 07:13:02] [comm] Compiled without MPI support. Running as a single process on ROG-Strix-Hero-II
[2026-06-01 07:13:02] Synced seed 1111
[2026-06-01 07:13:02] [data] Loading vocabulary from JSON/Yaml file ../data/vocab/vocab.my.yml
[2026-06-01 07:13:02] [data] Setting vocabulary size for input 0 to 2,305
[2026-06-01 07:13:02] [data] Loading vocabulary from JSON/Yaml file ../data/vocab/vocab.ph.yml
[2026-06-01 07:13:02] [data] Setting vocabulary size for input 1 to 1,851
[2026-06-01 07:13:02] [batching] Collecting statistics for batch fitting with step size 10
[2026-06-01 07:13:02] [memory] Extending reserved space to 1024 MB (device gpu0)
[2026-06-01 07:13:02] [comm] Using NCCL 2.8.3 for GPU communication
[2026-06-01 07:13:02] [comm] Using global sharding
[2026-06-01 07:13:02] [comm] NCCLCommunicators constructed successfully
[2026-06-01 07:13:02] [training] Using 1 GPUs
[2026-06-01 07:13:02] [logits] Applying loss function for 1 factor(s)
[2026-06-01 07:13:02] [memory] Reserving 64 MB, device gpu0
[2026-06-01 07:13:02] [gpu] 16-bit TensorCores enabled for float32 matrix operations
[2026-06-01 07:13:02] [memory] Reserving 64 MB, device gpu0
[2026-06-01 07:13:36] [batching] Done. Typical MB size is 2,841 target words
[2026-06-01 07:13:36] [memory] Extending reserved space to 1024 MB (device gpu0)
[2026-06-01 07:13:36] [comm] Using NCCL 2.8.3 for GPU communication
[2026-06-01 07:13:36] [comm] Using global sharding
[2026-06-01 07:13:36] [comm] NCCLCommunicators constructed successfully
[2026-06-01 07:13:36] [training] Using 1 GPUs
[2026-06-01 07:13:36] Training started
[2026-06-01 07:13:36] [data] Shuffling data
[2026-06-01 07:13:36] [data] Done reading 20,000 sentences
[2026-06-01 07:13:37] [data] Done shuffling 20,000 sentences to temp files
[2026-06-01 07:13:37] [training] Batches are processed as 1 process(es) x 1 devices/process
[2026-06-01 07:13:37] [memory] Reserving 64 MB, device gpu0
[2026-06-01 07:13:37] [memory] Reserving 64 MB, device gpu0
[2026-06-01 07:13:37] Parameter type float32, optimization type float32, casting types false
[2026-06-01 07:13:37] Allocating memory for general optimizer shards
[2026-06-01 07:13:37] [memory] Reserving 64 MB, device gpu0
[2026-06-01 07:13:37] Allocating memory for Adam-specific shards
[2026-06-01 07:13:37] [memory] Reserving 128 MB, device gpu0
[2026-06-01 07:13:51] Seen 20,000 samples
[2026-06-01 07:13:51] Starting data epoch 2 in logical epoch 2
[2026-06-01 07:13:51] [data] Shuffling data
[2026-06-01 07:13:51] [data] Done reading 20,000 sentences
[2026-06-01 07:13:51] [data] Done shuffling 20,000 sentences to temp files
[2026-06-01 07:14:05] Seen 20,000 samples
[2026-06-01 07:14:05] Starting data epoch 3 in logical epoch 3
[2026-06-01 07:14:05] [data] Shuffling data
[2026-06-01 07:14:05] [data] Done reading 20,000 sentences
[2026-06-01 07:14:05] [data] Done shuffling 20,000 sentences to temp files
[2026-06-01 07:14:19] Seen 20,000 samples
[2026-06-01 07:14:19] Starting data epoch 4 in logical epoch 4
[2026-06-01 07:14:19] [data] Shuffling data
[2026-06-01 07:14:19] [data] Done reading 20,000 sentences
[2026-06-01 07:14:19] [data] Done shuffling 20,000 sentences to temp files
[2026-06-01 07:14:33] Seen 20,000 samples
[2026-06-01 07:14:33] Starting data epoch 5 in logical epoch 5
[2026-06-01 07:14:33] [data] Shuffling data
[2026-06-01 07:14:33] [data] Done reading 20,000 sentences
[2026-06-01 07:14:33] [data] Done shuffling 20,000 sentences to temp files
[2026-06-01 07:14:47] Seen 20,000 samples
[2026-06-01 07:14:47] Starting data epoch 6 in logical epoch 6
[2026-06-01 07:14:47] [data] Shuffling data
[2026-06-01 07:14:47] [data] Done reading 20,000 sentences
[2026-06-01 07:14:47] [data] Done shuffling 20,000 sentences to temp files
[2026-06-01 07:15:01] Seen 20,000 samples
[2026-06-01 07:15:01] Starting data epoch 7 in logical epoch 7
[2026-06-01 07:15:01] [data] Shuffling data
[2026-06-01 07:15:01] [data] Done reading 20,000 sentences
[2026-06-01 07:15:01] [data] Done shuffling 20,000 sentences to temp files
[2026-06-01 07:15:15] Seen 20,000 samples
[2026-06-01 07:15:15] Starting data epoch 8 in logical epoch 8
[2026-06-01 07:15:15] [data] Shuffling data
[2026-06-01 07:15:15] [data] Done reading 20,000 sentences
[2026-06-01 07:15:15] [data] Done shuffling 20,000 sentences to temp files
[2026-06-01 07:15:29] Ep. 8 : Up. 500 : Sen. 19,326 : Cost 3.27474999 * 616,056 @ 378 after 616,056 : Time 112.23s : 5489.23 words/s : gNorm 2.7418 : L.r. 3.0000e-04
[2026-06-01 07:15:29] Seen 20,000 samples
[2026-06-01 07:15:29] Starting data epoch 9 in logical epoch 9
[2026-06-01 07:15:29] [data] Shuffling data
[2026-06-01 07:15:29] [data] Done reading 20,000 sentences
[2026-06-01 07:15:29] [data] Done shuffling 20,000 sentences to temp files
[2026-06-01 07:15:43] Seen 20,000 samples
[2026-06-01 07:15:43] Starting data epoch 10 in logical epoch 10
[2026-06-01 07:15:43] [data] Shuffling data
[2026-06-01 07:15:43] [data] Done reading 20,000 sentences
[2026-06-01 07:15:43] [data] Done shuffling 20,000 sentences to temp files
[2026-06-01 07:15:57] Seen 20,000 samples
[2026-06-01 07:15:57] Starting data epoch 11 in logical epoch 11
[2026-06-01 07:15:57] [data] Shuffling data
[2026-06-01 07:15:58] [data] Done reading 20,000 sentences
[2026-06-01 07:15:58] [data] Done shuffling 20,000 sentences to temp files
[2026-06-01 07:16:12] Seen 20,000 samples
[2026-06-01 07:16:12] Starting data epoch 12 in logical epoch 12
[2026-06-01 07:16:12] [data] Shuffling data
[2026-06-01 07:16:12] [data] Done reading 20,000 sentences
[2026-06-01 07:16:12] [data] Done shuffling 20,000 sentences to temp files
[2026-06-01 07:16:26] Seen 20,000 samples
[2026-06-01 07:16:26] Starting data epoch 13 in logical epoch 13
[2026-06-01 07:16:26] [data] Shuffling data
[2026-06-01 07:16:26] [data] Done reading 20,000 sentences
[2026-06-01 07:16:26] [data] Done shuffling 20,000 sentences to temp files
[2026-06-01 07:16:40] Seen 20,000 samples
[2026-06-01 07:16:40] Starting data epoch 14 in logical epoch 14
[2026-06-01 07:16:40] [data] Shuffling data
[2026-06-01 07:16:40] [data] Done reading 20,000 sentences
[2026-06-01 07:16:40] [data] Done shuffling 20,000 sentences to temp files
[2026-06-01 07:16:54] Seen 20,000 samples
[2026-06-01 07:16:54] Starting data epoch 15 in logical epoch 15
[2026-06-01 07:16:54] [data] Shuffling data
[2026-06-01 07:16:54] [data] Done reading 20,000 sentences
[2026-06-01 07:16:54] [data] Done shuffling 20,000 sentences to temp files
[2026-06-01 07:17:09] Seen 20,000 samples
[2026-06-01 07:17:09] Starting data epoch 16 in logical epoch 16
[2026-06-01 07:17:09] [data] Shuffling data
[2026-06-01 07:17:09] [data] Done reading 20,000 sentences
[2026-06-01 07:17:09] [data] Done shuffling 20,000 sentences to temp files
[2026-06-01 07:17:22] Ep. 16 : Up. 1000 : Sen. 19,200 : Cost 1.79251301 * 618,340 @ 1,348 after 1,234,396 : Time 113.40s : 5452.55 words/s : gNorm 1.6791 : L.r. 3.0000e-04
[2026-06-01 07:17:22] Saving model weights and runtime parameters to ../models/change1.transformer.myph/model.iter1000.npz
[2026-06-01 07:17:22] Saving model weights and runtime parameters to ../models/change1.transformer.myph/model.npz
[2026-06-01 07:17:23] Saving Adam parameters
[2026-06-01 07:17:23] [training] Saving training checkpoint to ../models/change1.transformer.myph/model.npz and ../models/change1.transformer.myph/model.npz.optimizer.npz
[2026-06-01 07:17:24] [valid] Ep. 16 : Up. 1000 : cross-entropy : 1.97125 : new best
[2026-06-01 07:17:25] [valid] Ep. 16 : Up. 1000 : perplexity : 1.66998 : new best
[2026-06-01 07:17:25] [valid] First sentence's tokens as scored:
[2026-06-01 07:17:25] [valid] DefaultVocab keeps original segments for scoring
[2026-06-01 07:17:25] [valid]   Hyp: ou' ta- ra- hpa- la. ni
[2026-06-01 07:17:25] [valid]   Ref: ou' ta- ra. hpa- la. gu. ni
[2026-06-01 07:17:27] [valid] Ep. 16 : Up. 1000 : bleu : 64.1206 : new best
[2026-06-01 07:17:28] Seen 20,000 samples
[2026-06-01 07:17:28] Starting data epoch 17 in logical epoch 17
[2026-06-01 07:17:28] [data] Shuffling data
[2026-06-01 07:17:28] [data] Done reading 20,000 sentences
[2026-06-01 07:17:28] [data] Done shuffling 20,000 sentences to temp files
[2026-06-01 07:17:42] Seen 20,000 samples
[2026-06-01 07:17:42] Starting data epoch 18 in logical epoch 18
[2026-06-01 07:17:42] [data] Shuffling data
[2026-06-01 07:17:42] [data] Done reading 20,000 sentences
[2026-06-01 07:17:42] [data] Done shuffling 20,000 sentences to temp files
[2026-06-01 07:17:56] Seen 20,000 samples
[2026-06-01 07:17:56] Starting data epoch 19 in logical epoch 19
[2026-06-01 07:17:56] [data] Shuffling data
[2026-06-01 07:17:56] [data] Done reading 20,000 sentences
[2026-06-01 07:17:56] [data] Done shuffling 20,000 sentences to temp files
[2026-06-01 07:18:10] Seen 20,000 samples
[2026-06-01 07:18:10] Starting data epoch 20 in logical epoch 20
[2026-06-01 07:18:10] [data] Shuffling data
[2026-06-01 07:18:10] [data] Done reading 20,000 sentences
[2026-06-01 07:18:11] [data] Done shuffling 20,000 sentences to temp files
[2026-06-01 07:18:25] Seen 20,000 samples
[2026-06-01 07:18:25] Starting data epoch 21 in logical epoch 21
[2026-06-01 07:18:25] [data] Shuffling data
[2026-06-01 07:18:25] [data] Done reading 20,000 sentences
[2026-06-01 07:18:25] [data] Done shuffling 20,000 sentences to temp files
[2026-06-01 07:18:39] Seen 20,000 samples
[2026-06-01 07:18:39] Starting data epoch 22 in logical epoch 22
[2026-06-01 07:18:39] [data] Shuffling data
[2026-06-01 07:18:39] [data] Done reading 20,000 sentences
[2026-06-01 07:18:39] [data] Done shuffling 20,000 sentences to temp files
[2026-06-01 07:18:53] Seen 20,000 samples
[2026-06-01 07:18:53] Starting data epoch 23 in logical epoch 23
[2026-06-01 07:18:53] [data] Shuffling data
[2026-06-01 07:18:53] [data] Done reading 20,000 sentences
[2026-06-01 07:18:53] [data] Done shuffling 20,000 sentences to temp files
[2026-06-01 07:19:08] Seen 20,000 samples
[2026-06-01 07:19:08] Starting data epoch 24 in logical epoch 24
[2026-06-01 07:19:08] [data] Shuffling data
[2026-06-01 07:19:08] [data] Done reading 20,000 sentences
[2026-06-01 07:19:08] [data] Done shuffling 20,000 sentences to temp files
[2026-06-01 07:19:21] Ep. 24 : Up. 1500 : Sen. 18,526 : Cost 1.55319762 * 616,457 @ 1,011 after 1,850,853 : Time 118.84s : 5187.11 words/s : gNorm 1.3590 : L.r. 3.0000e-04
[2026-06-01 07:19:22] Seen 20,000 samples
[2026-06-01 07:19:22] Starting data epoch 25 in logical epoch 25
[2026-06-01 07:19:22] [data] Shuffling data
[2026-06-01 07:19:22] [data] Done reading 20,000 sentences
[2026-06-01 07:19:22] [data] Done shuffling 20,000 sentences to temp files
[2026-06-01 07:19:36] Seen 20,000 samples
[2026-06-01 07:19:36] Starting data epoch 26 in logical epoch 26
[2026-06-01 07:19:36] [data] Shuffling data
[2026-06-01 07:19:36] [data] Done reading 20,000 sentences
[2026-06-01 07:19:36] [data] Done shuffling 20,000 sentences to temp files
[2026-06-01 07:19:51] Seen 20,000 samples
[2026-06-01 07:19:51] Starting data epoch 27 in logical epoch 27
[2026-06-01 07:19:51] [data] Shuffling data
[2026-06-01 07:19:51] [data] Done reading 20,000 sentences
[2026-06-01 07:19:51] [data] Done shuffling 20,000 sentences to temp files
[2026-06-01 07:20:05] Seen 20,000 samples
[2026-06-01 07:20:05] Starting data epoch 28 in logical epoch 28
[2026-06-01 07:20:05] [data] Shuffling data
[2026-06-01 07:20:05] [data] Done reading 20,000 sentences
[2026-06-01 07:20:05] [data] Done shuffling 20,000 sentences to temp files
[2026-06-01 07:20:20] Seen 20,000 samples
[2026-06-01 07:20:20] Starting data epoch 29 in logical epoch 29
[2026-06-01 07:20:20] [data] Shuffling data
[2026-06-01 07:20:20] [data] Done reading 20,000 sentences
[2026-06-01 07:20:20] [data] Done shuffling 20,000 sentences to temp files
[2026-06-01 07:20:34] Seen 20,000 samples
[2026-06-01 07:20:34] Starting data epoch 30 in logical epoch 30
[2026-06-01 07:20:34] [data] Shuffling data
[2026-06-01 07:20:34] [data] Done reading 20,000 sentences
[2026-06-01 07:20:34] [data] Done shuffling 20,000 sentences to temp files
[2026-06-01 07:20:48] Seen 20,000 samples
[2026-06-01 07:20:48] Starting data epoch 31 in logical epoch 31
[2026-06-01 07:20:48] [data] Shuffling data
[2026-06-01 07:20:48] [data] Done reading 20,000 sentences
[2026-06-01 07:20:49] [data] Done shuffling 20,000 sentences to temp files
[2026-06-01 07:21:03] Seen 20,000 samples
[2026-06-01 07:21:03] Starting data epoch 32 in logical epoch 32
[2026-06-01 07:21:03] [data] Shuffling data
[2026-06-01 07:21:03] [data] Done reading 20,000 sentences
[2026-06-01 07:21:03] [data] Done shuffling 20,000 sentences to temp files
[2026-06-01 07:21:16] Ep. 32 : Up. 2000 : Sen. 18,357 : Cost 1.45055676 * 618,610 @ 1,011 after 2,469,463 : Time 115.24s : 5368.04 words/s : gNorm 1.1878 : L.r. 3.0000e-04
[2026-06-01 07:21:16] Saving model weights and runtime parameters to ../models/change1.transformer.myph/model.iter2000.npz
[2026-06-01 07:21:16] Saving model weights and runtime parameters to ../models/change1.transformer.myph/model.npz
[2026-06-01 07:21:17] Saving Adam parameters
[2026-06-01 07:21:17] [training] Saving training checkpoint to ../models/change1.transformer.myph/model.npz and ../models/change1.transformer.myph/model.npz.optimizer.npz
[2026-06-01 07:21:19] [valid] Ep. 32 : Up. 2000 : cross-entropy : 1.68929 : new best
[2026-06-01 07:21:20] [valid] Ep. 32 : Up. 2000 : perplexity : 1.55187 : new best
[2026-06-01 07:21:23] [valid] Ep. 32 : Up. 2000 : bleu : 69.9408 : new best
[2026-06-01 07:21:24] Seen 20,000 samples
[2026-06-01 07:21:24] Starting data epoch 33 in logical epoch 33
[2026-06-01 07:21:24] [data] Shuffling data
[2026-06-01 07:21:24] [data] Done reading 20,000 sentences
[2026-06-01 07:21:24] [data] Done shuffling 20,000 sentences to temp files
[2026-06-01 07:21:39] Seen 20,000 samples
[2026-06-01 07:21:39] Starting data epoch 34 in logical epoch 34
[2026-06-01 07:21:39] [data] Shuffling data
[2026-06-01 07:21:39] [data] Done reading 20,000 sentences
[2026-06-01 07:21:39] [data] Done shuffling 20,000 sentences to temp files
[2026-06-01 07:22:09] Seen 20,000 samples
[2026-06-01 07:22:09] Starting data epoch 35 in logical epoch 35
[2026-06-01 07:22:09] [data] Shuffling data
[2026-06-01 07:22:09] [data] Done reading 20,000 sentences
[2026-06-01 07:22:09] [data] Done shuffling 20,000 sentences to temp files
[2026-06-01 07:22:39] Seen 20,000 samples
[2026-06-01 07:22:39] Starting data epoch 36 in logical epoch 36
[2026-06-01 07:22:39] [data] Shuffling data
[2026-06-01 07:22:39] [data] Done reading 20,000 sentences
[2026-06-01 07:22:39] [data] Done shuffling 20,000 sentences to temp files
[2026-06-01 07:23:09] Seen 20,000 samples
[2026-06-01 07:23:09] Starting data epoch 37 in logical epoch 37
[2026-06-01 07:23:09] [data] Shuffling data
[2026-06-01 07:23:09] [data] Done reading 20,000 sentences
[2026-06-01 07:23:09] [data] Done shuffling 20,000 sentences to temp files
[2026-06-01 07:23:24] Seen 20,000 samples
[2026-06-01 07:23:24] Starting data epoch 38 in logical epoch 38
[2026-06-01 07:23:24] [data] Shuffling data
[2026-06-01 07:23:24] [data] Done reading 20,000 sentences
[2026-06-01 07:23:24] [data] Done shuffling 20,000 sentences to temp files
[2026-06-01 07:23:38] Seen 20,000 samples
[2026-06-01 07:23:38] Starting data epoch 39 in logical epoch 39
[2026-06-01 07:23:38] [data] Shuffling data
[2026-06-01 07:23:38] [data] Done reading 20,000 sentences
[2026-06-01 07:23:38] [data] Done shuffling 20,000 sentences to temp files
[2026-06-01 07:23:53] Seen 20,000 samples
[2026-06-01 07:23:53] Starting data epoch 40 in logical epoch 40
[2026-06-01 07:23:53] [data] Shuffling data
[2026-06-01 07:23:53] [data] Done reading 20,000 sentences
[2026-06-01 07:23:53] [data] Done shuffling 20,000 sentences to temp files
[2026-06-01 07:24:05] Ep. 40 : Up. 2500 : Sen. 18,024 : Cost 1.38650250 * 616,097 @ 1,348 after 3,085,560 : Time 169.34s : 3638.12 words/s : gNorm 1.1646 : L.r. 3.0000e-04
[2026-06-01 07:24:07] Seen 20,000 samples
[2026-06-01 07:24:07] Starting data epoch 41 in logical epoch 41
[2026-06-01 07:24:07] [data] Shuffling data
[2026-06-01 07:24:07] [data] Done reading 20,000 sentences
[2026-06-01 07:24:07] [data] Done shuffling 20,000 sentences to temp files
[2026-06-01 07:24:22] Seen 20,000 samples
[2026-06-01 07:24:22] Starting data epoch 42 in logical epoch 42
[2026-06-01 07:24:22] [data] Shuffling data
[2026-06-01 07:24:22] [data] Done reading 20,000 sentences
[2026-06-01 07:24:22] [data] Done shuffling 20,000 sentences to temp files
[2026-06-01 07:24:36] Seen 20,000 samples
[2026-06-01 07:24:36] Starting data epoch 43 in logical epoch 43
[2026-06-01 07:24:36] [data] Shuffling data
[2026-06-01 07:24:36] [data] Done reading 20,000 sentences
[2026-06-01 07:24:36] [data] Done shuffling 20,000 sentences to temp files
[2026-06-01 07:24:51] Seen 20,000 samples
[2026-06-01 07:24:51] Starting data epoch 44 in logical epoch 44
[2026-06-01 07:24:51] [data] Shuffling data
[2026-06-01 07:24:51] [data] Done reading 20,000 sentences
[2026-06-01 07:24:51] [data] Done shuffling 20,000 sentences to temp files
[2026-06-01 07:25:06] Seen 20,000 samples
[2026-06-01 07:25:06] Starting data epoch 45 in logical epoch 45
[2026-06-01 07:25:06] [data] Shuffling data
[2026-06-01 07:25:06] [data] Done reading 20,000 sentences
[2026-06-01 07:25:06] [data] Done shuffling 20,000 sentences to temp files
[2026-06-01 07:25:20] Seen 20,000 samples
[2026-06-01 07:25:20] Starting data epoch 46 in logical epoch 46
[2026-06-01 07:25:20] [data] Shuffling data
[2026-06-01 07:25:20] [data] Done reading 20,000 sentences
[2026-06-01 07:25:20] [data] Done shuffling 20,000 sentences to temp files
[2026-06-01 07:25:35] Seen 20,000 samples
[2026-06-01 07:25:35] Starting data epoch 47 in logical epoch 47
[2026-06-01 07:25:35] [data] Shuffling data
[2026-06-01 07:25:35] [data] Done reading 20,000 sentences
[2026-06-01 07:25:35] [data] Done shuffling 20,000 sentences to temp files
[2026-06-01 07:25:49] Seen 20,000 samples
[2026-06-01 07:25:49] Starting data epoch 48 in logical epoch 48
[2026-06-01 07:25:49] [data] Shuffling data
[2026-06-01 07:25:49] [data] Done reading 20,000 sentences
[2026-06-01 07:25:50] [data] Done shuffling 20,000 sentences to temp files
[2026-06-01 07:26:01] Ep. 48 : Up. 3000 : Sen. 17,013 : Cost 1.33190918 * 614,738 @ 1,685 after 3,700,298 : Time 116.00s : 5299.42 words/s : gNorm 1.2046 : L.r. 3.0000e-04
[2026-06-01 07:26:01] Saving model weights and runtime parameters to ../models/change1.transformer.myph/model.iter3000.npz
[2026-06-01 07:26:02] Saving model weights and runtime parameters to ../models/change1.transformer.myph/model.npz
[2026-06-01 07:26:02] Saving Adam parameters
[2026-06-01 07:26:03] [training] Saving training checkpoint to ../models/change1.transformer.myph/model.npz and ../models/change1.transformer.myph/model.npz.optimizer.npz
[2026-06-01 07:26:04] [valid] Ep. 48 : Up. 3000 : cross-entropy : 1.68818 : new best
[2026-06-01 07:26:04] [valid] Ep. 48 : Up. 3000 : perplexity : 1.55142 : new best
[2026-06-01 07:26:06] [valid] Ep. 48 : Up. 3000 : bleu : 71.024 : new best
[2026-06-01 07:26:09] Seen 20,000 samples
[2026-06-01 07:26:09] Starting data epoch 49 in logical epoch 49
[2026-06-01 07:26:09] [data] Shuffling data
[2026-06-01 07:26:09] [data] Done reading 20,000 sentences
[2026-06-01 07:26:09] [data] Done shuffling 20,000 sentences to temp files
[2026-06-01 07:26:24] Seen 20,000 samples
[2026-06-01 07:26:24] Starting data epoch 50 in logical epoch 50
[2026-06-01 07:26:24] [data] Shuffling data
[2026-06-01 07:26:24] [data] Done reading 20,000 sentences
[2026-06-01 07:26:24] [data] Done shuffling 20,000 sentences to temp files
[2026-06-01 07:26:38] Seen 20,000 samples
[2026-06-01 07:26:38] Starting data epoch 51 in logical epoch 51
[2026-06-01 07:26:38] [data] Shuffling data
[2026-06-01 07:26:38] [data] Done reading 20,000 sentences
[2026-06-01 07:26:38] [data] Done shuffling 20,000 sentences to temp files
[2026-06-01 07:26:53] Seen 20,000 samples
[2026-06-01 07:26:53] Starting data epoch 52 in logical epoch 52
[2026-06-01 07:26:53] [data] Shuffling data
[2026-06-01 07:26:53] [data] Done reading 20,000 sentences
[2026-06-01 07:26:53] [data] Done shuffling 20,000 sentences to temp files
[2026-06-01 07:27:08] Seen 20,000 samples
[2026-06-01 07:27:08] Starting data epoch 53 in logical epoch 53
[2026-06-01 07:27:08] [data] Shuffling data
[2026-06-01 07:27:08] [data] Done reading 20,000 sentences
[2026-06-01 07:27:08] [data] Done shuffling 20,000 sentences to temp files
[2026-06-01 07:27:22] Seen 20,000 samples
[2026-06-01 07:27:22] Starting data epoch 54 in logical epoch 54
[2026-06-01 07:27:22] [data] Shuffling data
[2026-06-01 07:27:22] [data] Done reading 20,000 sentences
[2026-06-01 07:27:23] [data] Done shuffling 20,000 sentences to temp files
[2026-06-01 07:27:37] Seen 20,000 samples
[2026-06-01 07:27:37] Starting data epoch 55 in logical epoch 55
[2026-06-01 07:27:37] [data] Shuffling data
[2026-06-01 07:27:37] [data] Done reading 20,000 sentences
[2026-06-01 07:27:37] [data] Done shuffling 20,000 sentences to temp files
[2026-06-01 07:27:52] Seen 20,000 samples
[2026-06-01 07:27:52] Starting data epoch 56 in logical epoch 56
[2026-06-01 07:27:52] [data] Shuffling data
[2026-06-01 07:27:52] [data] Done reading 20,000 sentences
[2026-06-01 07:27:52] [data] Done shuffling 20,000 sentences to temp files
[2026-06-01 07:28:05] Ep. 56 : Up. 3500 : Sen. 17,178 : Cost 1.29586077 * 621,601 @ 1,348 after 4,321,899 : Time 123.09s : 5050.03 words/s : gNorm 0.9592 : L.r. 3.0000e-04
[2026-06-01 07:28:07] Seen 20,000 samples
[2026-06-01 07:28:07] Starting data epoch 57 in logical epoch 57
[2026-06-01 07:28:07] [data] Shuffling data
[2026-06-01 07:28:07] [data] Done reading 20,000 sentences
[2026-06-01 07:28:07] [data] Done shuffling 20,000 sentences to temp files
[2026-06-01 07:28:38] Seen 20,000 samples
[2026-06-01 07:28:38] Starting data epoch 58 in logical epoch 58
[2026-06-01 07:28:38] [data] Shuffling data
[2026-06-01 07:28:38] [data] Done reading 20,000 sentences
[2026-06-01 07:28:38] [data] Done shuffling 20,000 sentences to temp files
[2026-06-01 07:29:08] Seen 20,000 samples
[2026-06-01 07:29:08] Starting data epoch 59 in logical epoch 59
[2026-06-01 07:29:08] [data] Shuffling data
[2026-06-01 07:29:08] [data] Done reading 20,000 sentences
[2026-06-01 07:29:08] [data] Done shuffling 20,000 sentences to temp files
[2026-06-01 07:29:38] Seen 20,000 samples
[2026-06-01 07:29:38] Starting data epoch 60 in logical epoch 60
[2026-06-01 07:29:38] [data] Shuffling data
[2026-06-01 07:29:38] [data] Done reading 20,000 sentences
[2026-06-01 07:29:38] [data] Done shuffling 20,000 sentences to temp files
[2026-06-01 07:30:08] Seen 20,000 samples
[2026-06-01 07:30:08] Starting data epoch 61 in logical epoch 61
[2026-06-01 07:30:08] [data] Shuffling data
[2026-06-01 07:30:08] [data] Done reading 20,000 sentences
[2026-06-01 07:30:08] [data] Done shuffling 20,000 sentences to temp files
[2026-06-01 07:30:39] Seen 20,000 samples
[2026-06-01 07:30:39] Starting data epoch 62 in logical epoch 62
[2026-06-01 07:30:39] [data] Shuffling data
[2026-06-01 07:30:39] [data] Done reading 20,000 sentences
[2026-06-01 07:30:39] [data] Done shuffling 20,000 sentences to temp files
[2026-06-01 07:31:09] Seen 20,000 samples
[2026-06-01 07:31:09] Starting data epoch 63 in logical epoch 63
[2026-06-01 07:31:09] [data] Shuffling data
[2026-06-01 07:31:09] [data] Done reading 20,000 sentences
[2026-06-01 07:31:09] [data] Done shuffling 20,000 sentences to temp files
[2026-06-01 07:31:39] Seen 20,000 samples
[2026-06-01 07:31:39] Starting data epoch 64 in logical epoch 64
[2026-06-01 07:31:39] [data] Shuffling data
[2026-06-01 07:31:39] [data] Done reading 20,000 sentences
[2026-06-01 07:31:39] [data] Done shuffling 20,000 sentences to temp files
[2026-06-01 07:32:05] Ep. 64 : Up. 4000 : Sen. 17,009 : Cost 1.26487184 * 616,379 @ 1,011 after 4,938,278 : Time 240.00s : 2568.29 words/s : gNorm 0.7229 : L.r. 3.0000e-04
[2026-06-01 07:32:05] Saving model weights and runtime parameters to ../models/change1.transformer.myph/model.iter4000.npz
[2026-06-01 07:32:05] Saving model weights and runtime parameters to ../models/change1.transformer.myph/model.npz
[2026-06-01 07:32:05] Saving Adam parameters
[2026-06-01 07:32:06] [training] Saving training checkpoint to ../models/change1.transformer.myph/model.npz and ../models/change1.transformer.myph/model.npz.optimizer.npz
[2026-06-01 07:32:07] [valid] Ep. 64 : Up. 4000 : cross-entropy : 1.75795 : stalled 1 times (last best: 1.68818)
[2026-06-01 07:32:08] [valid] Ep. 64 : Up. 4000 : perplexity : 1.57984 : stalled 1 times (last best: 1.55142)
[2026-06-01 07:32:10] [valid] Ep. 64 : Up. 4000 : bleu : 72.4319 : new best
[2026-06-01 07:32:12] Seen 20,000 samples
[2026-06-01 07:32:12] Starting data epoch 65 in logical epoch 65
[2026-06-01 07:32:12] [data] Shuffling data
[2026-06-01 07:32:12] [data] Done reading 20,000 sentences
[2026-06-01 07:32:12] [data] Done shuffling 20,000 sentences to temp files
[2026-06-01 07:32:27] Seen 20,000 samples
[2026-06-01 07:32:27] Starting data epoch 66 in logical epoch 66
[2026-06-01 07:32:27] [data] Shuffling data
[2026-06-01 07:32:27] [data] Done reading 20,000 sentences
[2026-06-01 07:32:27] [data] Done shuffling 20,000 sentences to temp files
[2026-06-01 07:32:41] Seen 20,000 samples
[2026-06-01 07:32:41] Starting data epoch 67 in logical epoch 67
[2026-06-01 07:32:41] [data] Shuffling data
[2026-06-01 07:32:41] [data] Done reading 20,000 sentences
[2026-06-01 07:32:41] [data] Done shuffling 20,000 sentences to temp files
[2026-06-01 07:32:56] Seen 20,000 samples
[2026-06-01 07:32:56] Starting data epoch 68 in logical epoch 68
[2026-06-01 07:32:56] [data] Shuffling data
[2026-06-01 07:32:56] [data] Done reading 20,000 sentences
[2026-06-01 07:32:56] [data] Done shuffling 20,000 sentences to temp files
[2026-06-01 07:33:26] Seen 20,000 samples
[2026-06-01 07:33:26] Starting data epoch 69 in logical epoch 69
[2026-06-01 07:33:26] [data] Shuffling data
[2026-06-01 07:33:26] [data] Done reading 20,000 sentences
[2026-06-01 07:33:26] [data] Done shuffling 20,000 sentences to temp files
[2026-06-01 07:33:56] Seen 20,000 samples
[2026-06-01 07:33:56] Starting data epoch 70 in logical epoch 70
[2026-06-01 07:33:56] [data] Shuffling data
[2026-06-01 07:33:56] [data] Done reading 20,000 sentences
[2026-06-01 07:33:56] [data] Done shuffling 20,000 sentences to temp files
[2026-06-01 07:34:11] Seen 20,000 samples
[2026-06-01 07:34:11] Starting data epoch 71 in logical epoch 71
[2026-06-01 07:34:11] [data] Shuffling data
[2026-06-01 07:34:11] [data] Done reading 20,000 sentences
[2026-06-01 07:34:11] [data] Done shuffling 20,000 sentences to temp files
[2026-06-01 07:34:25] Seen 20,000 samples
[2026-06-01 07:34:25] Starting data epoch 72 in logical epoch 72
[2026-06-01 07:34:25] [data] Shuffling data
[2026-06-01 07:34:25] [data] Done reading 20,000 sentences
[2026-06-01 07:34:25] [data] Done shuffling 20,000 sentences to temp files
[2026-06-01 07:34:37] Ep. 72 : Up. 4500 : Sen. 15,998 : Cost 1.23953640 * 614,968 @ 1,011 after 5,553,246 : Time 152.37s : 4036.06 words/s : gNorm 0.7278 : L.r. 3.0000e-04
[2026-06-01 07:34:40] Seen 20,000 samples
[2026-06-01 07:34:40] Starting data epoch 73 in logical epoch 73
[2026-06-01 07:34:40] [data] Shuffling data
[2026-06-01 07:34:40] [data] Done reading 20,000 sentences
[2026-06-01 07:34:40] [data] Done shuffling 20,000 sentences to temp files
[2026-06-01 07:34:55] Seen 20,000 samples
[2026-06-01 07:34:55] Starting data epoch 74 in logical epoch 74
[2026-06-01 07:34:55] [data] Shuffling data
[2026-06-01 07:34:55] [data] Done reading 20,000 sentences
[2026-06-01 07:34:55] [data] Done shuffling 20,000 sentences to temp files
[2026-06-01 07:35:10] Seen 20,000 samples
[2026-06-01 07:35:10] Starting data epoch 75 in logical epoch 75
[2026-06-01 07:35:10] [data] Shuffling data
[2026-06-01 07:35:10] [data] Done reading 20,000 sentences
[2026-06-01 07:35:10] [data] Done shuffling 20,000 sentences to temp files
[2026-06-01 07:35:40] Seen 20,000 samples
[2026-06-01 07:35:40] Starting data epoch 76 in logical epoch 76
[2026-06-01 07:35:40] [data] Shuffling data
[2026-06-01 07:35:40] [data] Done reading 20,000 sentences
[2026-06-01 07:35:40] [data] Done shuffling 20,000 sentences to temp files
[2026-06-01 07:35:54] Seen 20,000 samples
[2026-06-01 07:35:54] Starting data epoch 77 in logical epoch 77
[2026-06-01 07:35:54] [data] Shuffling data
[2026-06-01 07:35:54] [data] Done reading 20,000 sentences
[2026-06-01 07:35:54] [data] Done shuffling 20,000 sentences to temp files
[2026-06-01 07:36:09] Seen 20,000 samples
[2026-06-01 07:36:09] Starting data epoch 78 in logical epoch 78
[2026-06-01 07:36:09] [data] Shuffling data
[2026-06-01 07:36:09] [data] Done reading 20,000 sentences
[2026-06-01 07:36:09] [data] Done shuffling 20,000 sentences to temp files
[2026-06-01 07:36:24] Seen 20,000 samples
[2026-06-01 07:36:24] Starting data epoch 79 in logical epoch 79
[2026-06-01 07:36:24] [data] Shuffling data
[2026-06-01 07:36:24] [data] Done reading 20,000 sentences
[2026-06-01 07:36:24] [data] Done shuffling 20,000 sentences to temp files
[2026-06-01 07:36:39] Seen 20,000 samples
[2026-06-01 07:36:39] Starting data epoch 80 in logical epoch 80
[2026-06-01 07:36:39] [data] Shuffling data
[2026-06-01 07:36:39] [data] Done reading 20,000 sentences
[2026-06-01 07:36:39] [data] Done shuffling 20,000 sentences to temp files
[2026-06-01 07:36:50] Ep. 80 : Up. 5000 : Sen. 15,159 : Cost 1.22502053 * 615,385 @ 1,190 after 6,168,631 : Time 132.65s : 4639.21 words/s : gNorm 0.6684 : L.r. 3.0000e-04
[2026-06-01 07:36:50] Saving model weights and runtime parameters to ../models/change1.transformer.myph/model.iter5000.npz
[2026-06-01 07:36:50] Saving model weights and runtime parameters to ../models/change1.transformer.myph/model.npz
[2026-06-01 07:36:50] Saving Adam parameters
[2026-06-01 07:36:51] [training] Saving training checkpoint to ../models/change1.transformer.myph/model.npz and ../models/change1.transformer.myph/model.npz.optimizer.npz
[2026-06-01 07:36:52] [valid] Ep. 80 : Up. 5000 : cross-entropy : 1.8551 : stalled 2 times (last best: 1.68818)
[2026-06-01 07:36:53] [valid] Ep. 80 : Up. 5000 : perplexity : 1.62028 : stalled 2 times (last best: 1.55142)
[2026-06-01 07:36:55] [valid] Ep. 80 : Up. 5000 : bleu : 73.6796 : new best
[2026-06-01 07:36:58] Seen 20,000 samples
[2026-06-01 07:36:58] Starting data epoch 81 in logical epoch 81
[2026-06-01 07:36:58] [data] Shuffling data
[2026-06-01 07:36:58] [data] Done reading 20,000 sentences
[2026-06-01 07:36:59] [data] Done shuffling 20,000 sentences to temp files
[2026-06-01 07:37:13] Seen 20,000 samples
[2026-06-01 07:37:13] Starting data epoch 82 in logical epoch 82
[2026-06-01 07:37:13] [data] Shuffling data
[2026-06-01 07:37:13] [data] Done reading 20,000 sentences
[2026-06-01 07:37:13] [data] Done shuffling 20,000 sentences to temp files
[2026-06-01 07:37:28] Seen 20,000 samples
[2026-06-01 07:37:28] Starting data epoch 83 in logical epoch 83
[2026-06-01 07:37:28] [data] Shuffling data
[2026-06-01 07:37:28] [data] Done reading 20,000 sentences
[2026-06-01 07:37:28] [data] Done shuffling 20,000 sentences to temp files
[2026-06-01 07:37:43] Seen 20,000 samples
[2026-06-01 07:37:43] Starting data epoch 84 in logical epoch 84
[2026-06-01 07:37:43] [data] Shuffling data
[2026-06-01 07:37:43] [data] Done reading 20,000 sentences
[2026-06-01 07:37:43] [data] Done shuffling 20,000 sentences to temp files
[2026-06-01 07:37:58] Seen 20,000 samples
[2026-06-01 07:37:58] Starting data epoch 85 in logical epoch 85
[2026-06-01 07:37:58] [data] Shuffling data
[2026-06-01 07:37:58] [data] Done reading 20,000 sentences
[2026-06-01 07:37:58] [data] Done shuffling 20,000 sentences to temp files
[2026-06-01 07:38:13] Seen 20,000 samples
[2026-06-01 07:38:13] Starting data epoch 86 in logical epoch 86
[2026-06-01 07:38:13] [data] Shuffling data
[2026-06-01 07:38:13] [data] Done reading 20,000 sentences
[2026-06-01 07:38:13] [data] Done shuffling 20,000 sentences to temp files
[2026-06-01 07:38:28] Seen 20,000 samples
[2026-06-01 07:38:28] Starting data epoch 87 in logical epoch 87
[2026-06-01 07:38:28] [data] Shuffling data
[2026-06-01 07:38:28] [data] Done reading 20,000 sentences
[2026-06-01 07:38:28] [data] Done shuffling 20,000 sentences to temp files
[2026-06-01 07:38:58] Seen 20,000 samples
[2026-06-01 07:38:58] Starting data epoch 88 in logical epoch 88
[2026-06-01 07:38:58] [data] Shuffling data
[2026-06-01 07:38:58] [data] Done reading 20,000 sentences
[2026-06-01 07:38:58] [data] Done shuffling 20,000 sentences to temp files
[2026-06-01 07:39:09] Ep. 88 : Up. 5500 : Sen. 15,328 : Cost 1.20856178 * 618,879 @ 1,670 after 6,787,510 : Time 139.81s : 4426.65 words/s : gNorm 0.6002 : L.r. 3.0000e-04
[2026-06-01 07:39:13] Seen 20,000 samples
[2026-06-01 07:39:13] Starting data epoch 89 in logical epoch 89
[2026-06-01 07:39:13] [data] Shuffling data
[2026-06-01 07:39:13] [data] Done reading 20,000 sentences
[2026-06-01 07:39:13] [data] Done shuffling 20,000 sentences to temp files
[2026-06-01 07:39:28] Seen 20,000 samples
[2026-06-01 07:39:28] Starting data epoch 90 in logical epoch 90
[2026-06-01 07:39:28] [data] Shuffling data
[2026-06-01 07:39:28] [data] Done reading 20,000 sentences
[2026-06-01 07:39:28] [data] Done shuffling 20,000 sentences to temp files
[2026-06-01 07:39:43] Seen 20,000 samples
[2026-06-01 07:39:43] Starting data epoch 91 in logical epoch 91
[2026-06-01 07:39:43] [data] Shuffling data
[2026-06-01 07:39:43] [data] Done reading 20,000 sentences
[2026-06-01 07:39:43] [data] Done shuffling 20,000 sentences to temp files
[2026-06-01 07:39:58] Seen 20,000 samples
[2026-06-01 07:39:58] Starting data epoch 92 in logical epoch 92
[2026-06-01 07:39:58] [data] Shuffling data
[2026-06-01 07:39:58] [data] Done reading 20,000 sentences
[2026-06-01 07:39:59] [data] Done shuffling 20,000 sentences to temp files
[2026-06-01 07:40:13] Seen 20,000 samples
[2026-06-01 07:40:13] Starting data epoch 93 in logical epoch 93
[2026-06-01 07:40:13] [data] Shuffling data
[2026-06-01 07:40:13] [data] Done reading 20,000 sentences
[2026-06-01 07:40:14] [data] Done shuffling 20,000 sentences to temp files
[2026-06-01 07:40:29] Seen 20,000 samples
[2026-06-01 07:40:29] Starting data epoch 94 in logical epoch 94
[2026-06-01 07:40:29] [data] Shuffling data
[2026-06-01 07:40:29] [data] Done reading 20,000 sentences
[2026-06-01 07:40:29] [data] Done shuffling 20,000 sentences to temp files
[2026-06-01 07:40:59] Seen 20,000 samples
[2026-06-01 07:40:59] Starting data epoch 95 in logical epoch 95
[2026-06-01 07:40:59] [data] Shuffling data
[2026-06-01 07:40:59] [data] Done reading 20,000 sentences
[2026-06-01 07:40:59] [data] Done shuffling 20,000 sentences to temp files
[2026-06-01 07:41:30] Seen 20,000 samples
[2026-06-01 07:41:30] Starting data epoch 96 in logical epoch 96
[2026-06-01 07:41:30] [data] Shuffling data
[2026-06-01 07:41:30] [data] Done reading 20,000 sentences
[2026-06-01 07:41:30] [data] Done shuffling 20,000 sentences to temp files
[2026-06-01 07:41:52] Ep. 96 : Up. 6000 : Sen. 14,317 : Cost 1.20032680 * 615,602 @ 507 after 7,403,112 : Time 162.57s : 3786.66 words/s : gNorm 0.7956 : L.r. 3.0000e-04
[2026-06-01 07:41:52] Saving model weights and runtime parameters to ../models/change1.transformer.myph/model.iter6000.npz
[2026-06-01 07:41:52] Saving model weights and runtime parameters to ../models/change1.transformer.myph/model.npz
[2026-06-01 07:41:53] Saving Adam parameters
[2026-06-01 07:41:53] [training] Saving training checkpoint to ../models/change1.transformer.myph/model.npz and ../models/change1.transformer.myph/model.npz.optimizer.npz
[2026-06-01 07:41:55] [valid] Ep. 96 : Up. 6000 : cross-entropy : 1.94718 : stalled 3 times (last best: 1.68818)
[2026-06-01 07:41:57] [valid] Ep. 96 : Up. 6000 : perplexity : 1.65956 : stalled 3 times (last best: 1.55142)
[2026-06-01 07:42:02] [valid] Ep. 96 : Up. 6000 : bleu : 72.5289 : stalled 1 times (last best: 73.6796)
[2026-06-01 07:42:11] Seen 20,000 samples
[2026-06-01 07:42:11] Starting data epoch 97 in logical epoch 97
[2026-06-01 07:42:11] [data] Shuffling data
[2026-06-01 07:42:11] [data] Done reading 20,000 sentences
[2026-06-01 07:42:11] [data] Done shuffling 20,000 sentences to temp files
[2026-06-01 07:42:26] Seen 20,000 samples
[2026-06-01 07:42:26] Starting data epoch 98 in logical epoch 98
[2026-06-01 07:42:26] [data] Shuffling data
[2026-06-01 07:42:26] [data] Done reading 20,000 sentences
[2026-06-01 07:42:26] [data] Done shuffling 20,000 sentences to temp files
[2026-06-01 07:42:42] Seen 20,000 samples
[2026-06-01 07:42:42] Starting data epoch 99 in logical epoch 99
[2026-06-01 07:42:42] [data] Shuffling data
[2026-06-01 07:42:42] [data] Done reading 20,000 sentences
[2026-06-01 07:42:42] [data] Done shuffling 20,000 sentences to temp files
[2026-06-01 07:43:12] Seen 20,000 samples
[2026-06-01 07:43:12] Starting data epoch 100 in logical epoch 100
[2026-06-01 07:43:12] [data] Shuffling data
[2026-06-01 07:43:12] [data] Done reading 20,000 sentences
[2026-06-01 07:43:12] [data] Done shuffling 20,000 sentences to temp files
[2026-06-01 07:43:43] Seen 20,000 samples
[2026-06-01 07:43:43] Starting data epoch 101 in logical epoch 101
[2026-06-01 07:43:43] [data] Shuffling data
[2026-06-01 07:43:43] [data] Done reading 20,000 sentences
[2026-06-01 07:43:43] [data] Done shuffling 20,000 sentences to temp files
[2026-06-01 07:44:14] Seen 20,000 samples
[2026-06-01 07:44:14] Starting data epoch 102 in logical epoch 102
[2026-06-01 07:44:14] [data] Shuffling data
[2026-06-01 07:44:14] [data] Done reading 20,000 sentences
[2026-06-01 07:44:14] [data] Done shuffling 20,000 sentences to temp files
[2026-06-01 07:44:44] Seen 20,000 samples
[2026-06-01 07:44:44] Starting data epoch 103 in logical epoch 103
[2026-06-01 07:44:44] [data] Shuffling data
[2026-06-01 07:44:44] [data] Done reading 20,000 sentences
[2026-06-01 07:44:44] [data] Done shuffling 20,000 sentences to temp files
[2026-06-01 07:44:59] Seen 20,000 samples
[2026-06-01 07:44:59] Starting data epoch 104 in logical epoch 104
[2026-06-01 07:44:59] [data] Shuffling data
[2026-06-01 07:44:59] [data] Done reading 20,000 sentences
[2026-06-01 07:45:00] [data] Done shuffling 20,000 sentences to temp files
[2026-06-01 07:45:10] Ep. 104 : Up. 6500 : Sen. 13,976 : Cost 1.18856382 * 618,204 @ 1,011 after 8,021,316 : Time 198.36s : 3116.60 words/s : gNorm 0.6465 : L.r. 3.0000e-04
[2026-06-01 07:45:19] Seen 20,000 samples
[2026-06-01 07:45:19] Starting data epoch 105 in logical epoch 105
[2026-06-01 07:45:19] [data] Shuffling data
[2026-06-01 07:45:19] [data] Done reading 20,000 sentences
[2026-06-01 07:45:19] [data] Done shuffling 20,000 sentences to temp files
[2026-06-01 07:45:50] Seen 20,000 samples
[2026-06-01 07:45:50] Starting data epoch 106 in logical epoch 106
[2026-06-01 07:45:50] [data] Shuffling data
[2026-06-01 07:45:50] [data] Done reading 20,000 sentences
[2026-06-01 07:45:50] [data] Done shuffling 20,000 sentences to temp files
[2026-06-01 07:46:20] Seen 20,000 samples
[2026-06-01 07:46:20] Starting data epoch 107 in logical epoch 107
[2026-06-01 07:46:20] [data] Shuffling data
[2026-06-01 07:46:20] [data] Done reading 20,000 sentences
[2026-06-01 07:46:20] [data] Done shuffling 20,000 sentences to temp files
[2026-06-01 07:46:36] Seen 20,000 samples
[2026-06-01 07:46:36] Starting data epoch 108 in logical epoch 108
[2026-06-01 07:46:36] [data] Shuffling data
[2026-06-01 07:46:36] [data] Done reading 20,000 sentences
[2026-06-01 07:46:36] [data] Done shuffling 20,000 sentences to temp files
[2026-06-01 07:47:06] Seen 20,000 samples
[2026-06-01 07:47:06] Starting data epoch 109 in logical epoch 109
[2026-06-01 07:47:06] [data] Shuffling data
[2026-06-01 07:47:06] [data] Done reading 20,000 sentences
[2026-06-01 07:47:06] [data] Done shuffling 20,000 sentences to temp files
[2026-06-01 07:47:37] Seen 20,000 samples
[2026-06-01 07:47:37] Starting data epoch 110 in logical epoch 110
[2026-06-01 07:47:37] [data] Shuffling data
[2026-06-01 07:47:37] [data] Done reading 20,000 sentences
[2026-06-01 07:47:37] [data] Done shuffling 20,000 sentences to temp files
[2026-06-01 07:48:07] Seen 20,000 samples
[2026-06-01 07:48:07] Starting data epoch 111 in logical epoch 111
[2026-06-01 07:48:07] [data] Shuffling data
[2026-06-01 07:48:07] [data] Done reading 20,000 sentences
[2026-06-01 07:48:08] [data] Done shuffling 20,000 sentences to temp files
[2026-06-01 07:48:37] Seen 20,000 samples
[2026-06-01 07:48:37] Starting data epoch 112 in logical epoch 112
[2026-06-01 07:48:37] [data] Shuffling data
[2026-06-01 07:48:37] [data] Done reading 20,000 sentences
[2026-06-01 07:48:37] [data] Done shuffling 20,000 sentences to temp files
[2026-06-01 07:48:58] Ep. 112 : Up. 7000 : Sen. 13,976 : Cost 1.17866266 * 618,101 @ 1,011 after 8,639,417 : Time 227.90s : 2712.15 words/s : gNorm 0.5659 : L.r. 3.0000e-04
[2026-06-01 07:48:58] Saving model weights and runtime parameters to ../models/change1.transformer.myph/model.iter7000.npz
[2026-06-01 07:48:58] Saving model weights and runtime parameters to ../models/change1.transformer.myph/model.npz
[2026-06-01 07:48:59] Saving Adam parameters
[2026-06-01 07:49:00] [training] Saving training checkpoint to ../models/change1.transformer.myph/model.npz and ../models/change1.transformer.myph/model.npz.optimizer.npz
[2026-06-01 07:49:01] [valid] Ep. 112 : Up. 7000 : cross-entropy : 2.02037 : stalled 4 times (last best: 1.68818)
[2026-06-01 07:49:02] [valid] Ep. 112 : Up. 7000 : perplexity : 1.69146 : stalled 4 times (last best: 1.55142)
[2026-06-01 07:49:04] [valid] Ep. 112 : Up. 7000 : bleu : 72.5271 : stalled 2 times (last best: 73.6796)
[2026-06-01 07:49:08] Seen 20,000 samples
[2026-06-01 07:49:08] Starting data epoch 113 in logical epoch 113
[2026-06-01 07:49:08] [data] Shuffling data
[2026-06-01 07:49:08] [data] Done reading 20,000 sentences
[2026-06-01 07:49:09] [data] Done shuffling 20,000 sentences to temp files
[2026-06-01 07:49:31] Seen 20,000 samples
[2026-06-01 07:49:31] Starting data epoch 114 in logical epoch 114
[2026-06-01 07:49:31] [data] Shuffling data
[2026-06-01 07:49:31] [data] Done reading 20,000 sentences
[2026-06-01 07:49:31] [data] Done shuffling 20,000 sentences to temp files
[2026-06-01 07:50:01] Seen 20,000 samples
[2026-06-01 07:50:01] Starting data epoch 115 in logical epoch 115
[2026-06-01 07:50:01] [data] Shuffling data
[2026-06-01 07:50:01] [data] Done reading 20,000 sentences
[2026-06-01 07:50:01] [data] Done shuffling 20,000 sentences to temp files
[2026-06-01 07:50:17] Seen 20,000 samples
[2026-06-01 07:50:17] Starting data epoch 116 in logical epoch 116
[2026-06-01 07:50:17] [data] Shuffling data
[2026-06-01 07:50:17] [data] Done reading 20,000 sentences
[2026-06-01 07:50:17] [data] Done shuffling 20,000 sentences to temp files
[2026-06-01 07:50:47] Seen 20,000 samples
[2026-06-01 07:50:47] Starting data epoch 117 in logical epoch 117
[2026-06-01 07:50:47] [data] Shuffling data
[2026-06-01 07:50:47] [data] Done reading 20,000 sentences
[2026-06-01 07:50:47] [data] Done shuffling 20,000 sentences to temp files
[2026-06-01 07:51:18] Seen 20,000 samples
[2026-06-01 07:51:18] Starting data epoch 118 in logical epoch 118
[2026-06-01 07:51:18] [data] Shuffling data
[2026-06-01 07:51:18] [data] Done reading 20,000 sentences
[2026-06-01 07:51:18] [data] Done shuffling 20,000 sentences to temp files
[2026-06-01 07:51:33] Seen 20,000 samples
[2026-06-01 07:51:33] Starting data epoch 119 in logical epoch 119
[2026-06-01 07:51:33] [data] Shuffling data
[2026-06-01 07:51:33] [data] Done reading 20,000 sentences
[2026-06-01 07:51:33] [data] Done shuffling 20,000 sentences to temp files
[2026-06-01 07:52:03] Seen 20,000 samples
[2026-06-01 07:52:03] Starting data epoch 120 in logical epoch 120
[2026-06-01 07:52:03] [data] Shuffling data
[2026-06-01 07:52:03] [data] Done reading 20,000 sentences
[2026-06-01 07:52:03] [data] Done shuffling 20,000 sentences to temp files
[2026-06-01 07:52:24] Ep. 120 : Up. 7500 : Sen. 13,474 : Cost 1.17277884 * 616,588 @ 1,348 after 9,256,005 : Time 205.36s : 3002.48 words/s : gNorm 0.8029 : L.r. 3.0000e-04
[2026-06-01 07:52:34] Seen 20,000 samples
[2026-06-01 07:52:34] Starting data epoch 121 in logical epoch 121
[2026-06-01 07:52:34] [data] Shuffling data
[2026-06-01 07:52:34] [data] Done reading 20,000 sentences
[2026-06-01 07:52:34] [data] Done shuffling 20,000 sentences to temp files
[2026-06-01 07:53:25] Seen 20,000 samples
[2026-06-01 07:53:25] Starting data epoch 122 in logical epoch 122
[2026-06-01 07:53:25] [data] Shuffling data
[2026-06-01 07:53:25] [data] Done reading 20,000 sentences
[2026-06-01 07:53:25] [data] Done shuffling 20,000 sentences to temp files
[2026-06-01 07:53:58] Seen 20,000 samples
[2026-06-01 07:53:58] Starting data epoch 123 in logical epoch 123
[2026-06-01 07:53:58] [data] Shuffling data
[2026-06-01 07:53:58] [data] Done reading 20,000 sentences
[2026-06-01 07:53:58] [data] Done shuffling 20,000 sentences to temp files
[2026-06-01 07:54:47] Seen 20,000 samples
[2026-06-01 07:54:47] Starting data epoch 124 in logical epoch 124
[2026-06-01 07:54:47] [data] Shuffling data
[2026-06-01 07:54:47] [data] Done reading 20,000 sentences
[2026-06-01 07:54:47] [data] Done shuffling 20,000 sentences to temp files
[2026-06-01 07:55:21] Seen 20,000 samples
[2026-06-01 07:55:21] Starting data epoch 125 in logical epoch 125
[2026-06-01 07:55:21] [data] Shuffling data
[2026-06-01 07:55:21] [data] Done reading 20,000 sentences
[2026-06-01 07:55:21] [data] Done shuffling 20,000 sentences to temp files
[2026-06-01 07:56:02] Seen 20,000 samples
[2026-06-01 07:56:02] Starting data epoch 126 in logical epoch 126
[2026-06-01 07:56:02] [data] Shuffling data
[2026-06-01 07:56:02] [data] Done reading 20,000 sentences
[2026-06-01 07:56:02] [data] Done shuffling 20,000 sentences to temp files
[2026-06-01 07:56:46] Seen 20,000 samples
[2026-06-01 07:56:46] Starting data epoch 127 in logical epoch 127
[2026-06-01 07:56:46] [data] Shuffling data
[2026-06-01 07:56:46] [data] Done reading 20,000 sentences
[2026-06-01 07:56:46] [data] Done shuffling 20,000 sentences to temp files
[2026-06-01 07:57:32] Seen 20,000 samples
[2026-06-01 07:57:32] Starting data epoch 128 in logical epoch 128
[2026-06-01 07:57:32] [data] Shuffling data
[2026-06-01 07:57:32] [data] Done reading 20,000 sentences
[2026-06-01 07:57:32] [data] Done shuffling 20,000 sentences to temp files
[2026-06-01 07:57:55] Ep. 128 : Up. 8000 : Sen. 13,811 : Cost 1.16661549 * 619,394 @ 1,011 after 9,875,399 : Time 331.89s : 1866.27 words/s : gNorm 0.4827 : L.r. 3.0000e-04
[2026-06-01 07:57:55] Saving model weights and runtime parameters to ../models/change1.transformer.myph/model.iter8000.npz
[2026-06-01 07:57:56] Saving model weights and runtime parameters to ../models/change1.transformer.myph/model.npz
[2026-06-01 07:57:56] Saving Adam parameters
[2026-06-01 07:57:57] [training] Saving training checkpoint to ../models/change1.transformer.myph/model.npz and ../models/change1.transformer.myph/model.npz.optimizer.npz
[2026-06-01 07:57:59] [valid] Ep. 128 : Up. 8000 : cross-entropy : 2.07111 : stalled 5 times (last best: 1.68818)
[2026-06-01 07:57:59] [valid] Ep. 128 : Up. 8000 : perplexity : 1.71393 : stalled 5 times (last best: 1.55142)
[2026-06-01 07:58:05] [valid] Ep. 128 : Up. 8000 : bleu : 73.1405 : stalled 3 times (last best: 73.6796)
[2026-06-01 07:58:05] Training finished
[2026-06-01 07:58:05] Saving model weights and runtime parameters to ../models/change1.transformer.myph/model.npz
[2026-06-01 07:58:05] Saving Adam parameters
[2026-06-01 07:58:06] [training] Saving training checkpoint to ../models/change1.transformer.myph/model.npz and ../models/change1.transformer.myph/model.npz.optimizer.npz
